src/components/dashboard/AnomalyTimeline.tsx(168,49): error TS2345: Argument of type 'unknown' is not assignable to parameter of type 'SetStateAction<Anomaly | null>'.
src/components/dashboard/AnomalyTimeline.tsx(173,8): error TS2554: Expected 2 arguments, but got 1.
src/components/dashboard/AnomalyTimeline.tsx(173,70): error TS2769: No overload matches this call.
  Overload 1 of 3, '(format: null): Axis<Date | NumberValue>', gave the following error.
    Argument of type '(date: Date) => string' is not assignable to parameter of type 'null'.
  Overload 2 of 3, '(format: (domainValue: Date | NumberValue, index: number) => string): Axis<Date | NumberValue>', gave the following error.
    Argument of type '(date: Date) => string' is not assignable to parameter of type '(domainValue: Date | NumberValue, index: number) => string'.
      Types of parameters 'date' and 'domainValue' are incompatible.
        Type 'Date | NumberValue' is not assignable to type 'Date'.
          Type 'number' is not assignable to type 'Date'.
src/components/dashboard/ChurnRiskHistogram.tsx(180,49): error TS2365: Operator '>=' cannot be applied to types 'NumberValue' and 'number'.
src/components/dashboard/ChurnRiskHistogram.tsx(180,65): error TS2362: The left-hand side of an arithmetic operation must be of type 'any', 'number', 'bigint' or an enum type.
src/components/dashboard/CustomerSegmentation.tsx(163,32): error TS18046: 'd' is of type 'unknown'.
src/components/dashboard/CustomerSegmentation.tsx(172,49): error TS18046: 'd' is of type 'unknown'.
src/components/dashboard/RevenueForecastChart.tsx(219,8): error TS2554: Expected 2 arguments, but got 1.
src/components/dashboard/RevenueForecastChart.tsx(219,70): error TS2769: No overload matches this call.
  Overload 1 of 3, '(format: null): Axis<Date | NumberValue>', gave the following error.
    Argument of type '(date: Date) => string' is not assignable to parameter of type 'null'.
  Overload 2 of 3, '(format: (domainValue: Date | NumberValue, index: number) => string): Axis<Date | NumberValue>', gave the following error.
    Argument of type '(date: Date) => string' is not assignable to parameter of type '(domainValue: Date | NumberValue, index: number) => string'.
      Types of parameters 'date' and 'domainValue' are incompatible.
        Type 'Date | NumberValue' is not assignable to type 'Date'.
          Type 'number' is not assignable to type 'Date'.
